 <<< Combine >>> 
 <<< v10.3.0 >>>
>>> Random number generator seed is 123456
>>> Method used is AsymptoticLimits

 *** Break *** segmentation violation



===========================================================
There was a crash.
This is the entire stack trace of all threads:
===========================================================

Thread 15 (Thread 0x7f772b3f2640 (LWP 3559307) "combine"):
#0  0x00007f774d68722a in __futex_abstimed_wait_common () from /lib64/libc.so.6
#1  0x00007f774d6921d8 in __new_sem_wait_slow64.constprop.0 () from /lib64/libc.so.6
#2  0x00007f7731d9cdc6 in XrdCl::JobManager::RunJobs() () from /cvmfs/cms.cern.ch/el9_amd64_gcc12/cms/cmssw/CMSSW_14_1_0_pre4/external/el9_amd64_gcc12/lib/libXrdCl.so.3
#3  0x00007f7731d9ce79 in RunRunnerThread () from /cvmfs/cms.cern.ch/el9_amd64_gcc12/cms/cmssw/CMSSW_14_1_0_pre4/external/el9_amd64_gcc12/lib/libXrdCl.so.3
#4  0x00007f774d68a19a in start_thread () from /lib64/libc.so.6
#5  0x00007f774d70f100 in clone3 () from /lib64/libc.so.6

Thread 14 (Thread 0x7f772bbf3640 (LWP 3559306) "combine"):
#0  0x00007f774d68722a in __futex_abstimed_wait_common () from /lib64/libc.so.6
#1  0x00007f774d6921d8 in __new_sem_wait_slow64.constprop.0 () from /lib64/libc.so.6
#2  0x00007f7731d9cdc6 in XrdCl::JobManager::RunJobs() () from /cvmfs/cms.cern.ch/el9_amd64_gcc12/cms/cmssw/CMSSW_14_1_0_pre4/external/el9_amd64_gcc12/lib/libXrdCl.so.3
#3  0x00007f7731d9ce79 in RunRunnerThread () from /cvmfs/cms.cern.ch/el9_amd64_gcc12/cms/cmssw/CMSSW_14_1_0_pre4/external/el9_amd64_gcc12/lib/libXrdCl.so.3
#4  0x00007f774d68a19a in start_thread () from /lib64/libc.so.6
#5  0x00007f774d70f100 in clone3 () from /lib64/libc.so.6

Thread 13 (Thread 0x7f772c3f4640 (LWP 3559305) "combine"):
#0  0x00007f774d68722a in __futex_abstimed_wait_common () from /lib64/libc.so.6
#1  0x00007f774d6921d8 in __new_sem_wait_slow64.constprop.0 () from /lib64/libc.so.6
#2  0x00007f7731d9cdc6 in XrdCl::JobManager::RunJobs() () from /cvmfs/cms.cern.ch/el9_amd64_gcc12/cms/cmssw/CMSSW_14_1_0_pre4/external/el9_amd64_gcc12/lib/libXrdCl.so.3
#3  0x00007f7731d9ce79 in RunRunnerThread () from /cvmfs/cms.cern.ch/el9_amd64_gcc12/cms/cmssw/CMSSW_14_1_0_pre4/external/el9_amd64_gcc12/lib/libXrdCl.so.3
#4  0x00007f774d68a19a in start_thread () from /lib64/libc.so.6
#5  0x00007f774d70f100 in clone3 () from /lib64/libc.so.6

Thread 12 (Thread 0x7f772cbf5640 (LWP 3559304) "combine"):
#0  0x00007f774d6d4655 in clock_nanosleep
GLIBC_2.2.5 () from /lib64/libc.so.6
#1  0x00007f774d6d9107 in nanosleep () from /lib64/libc.so.6
#2  0x00007f774c12bd78 in XrdSysTimer::Wait(int) () from /cvmfs/cms.cern.ch/el9_amd64_gcc12/cms/cmssw/CMSSW_14_1_0_pre4/external/el9_amd64_gcc12/lib/libXrdUtils.so.3
#3  0x00007f7731d11d5c in XrdCl::TaskManager::RunTasks() () from /cvmfs/cms.cern.ch/el9_amd64_gcc12/cms/cmssw/CMSSW_14_1_0_pre4/external/el9_amd64_gcc12/lib/libXrdCl.so.3
#4  0x00007f7731d11e99 in RunRunnerThread () from /cvmfs/cms.cern.ch/el9_amd64_gcc12/cms/cmssw/CMSSW_14_1_0_pre4/external/el9_amd64_gcc12/lib/libXrdCl.so.3
#5  0x00007f774d68a19a in start_thread () from /lib64/libc.so.6
#6  0x00007f774d70f100 in clone3 () from /lib64/libc.so.6

Thread 11 (Thread 0x7f772d3f6640 (LWP 3559303) "combine"):
#0  0x00007f774d70e73e in epoll_wait () from /lib64/libc.so.6
#1  0x00007f774c126112 in XrdSys::IOEvents::PollE::Begin(XrdSysSemaphore*, int&, char const**) () from /cvmfs/cms.cern.ch/el9_amd64_gcc12/cms/cmssw/CMSSW_14_1_0_pre4/external/el9_amd64_gcc12/lib/libXrdUtils.so.3
#2  0x00007f774c12207d in XrdSys::IOEvents::BootStrap::Start(void*) () from /cvmfs/cms.cern.ch/el9_amd64_gcc12/cms/cmssw/CMSSW_14_1_0_pre4/external/el9_amd64_gcc12/lib/libXrdUtils.so.3
#3  0x00007f774c12b487 in XrdSysThread_Xeq () from /cvmfs/cms.cern.ch/el9_amd64_gcc12/cms/cmssw/CMSSW_14_1_0_pre4/external/el9_amd64_gcc12/lib/libXrdUtils.so.3
#4  0x00007f774d68a19a in start_thread () from /lib64/libc.so.6
#5  0x00007f774d70f100 in clone3 () from /lib64/libc.so.6

Thread 10 (Thread 0x7f772dbf7640 (LWP 3559302) "combine"):
#0  0x00007f774d70e73e in epoll_wait () from /lib64/libc.so.6
#1  0x00007f774c126112 in XrdSys::IOEvents::PollE::Begin(XrdSysSemaphore*, int&, char const**) () from /cvmfs/cms.cern.ch/el9_amd64_gcc12/cms/cmssw/CMSSW_14_1_0_pre4/external/el9_amd64_gcc12/lib/libXrdUtils.so.3
#2  0x00007f774c12207d in XrdSys::IOEvents::BootStrap::Start(void*) () from /cvmfs/cms.cern.ch/el9_amd64_gcc12/cms/cmssw/CMSSW_14_1_0_pre4/external/el9_amd64_gcc12/lib/libXrdUtils.so.3
#3  0x00007f774c12b487 in XrdSysThread_Xeq () from /cvmfs/cms.cern.ch/el9_amd64_gcc12/cms/cmssw/CMSSW_14_1_0_pre4/external/el9_amd64_gcc12/lib/libXrdUtils.so.3
#4  0x00007f774d68a19a in start_thread () from /lib64/libc.so.6
#5  0x00007f774d70f100 in clone3 () from /lib64/libc.so.6

Thread 9 (Thread 0x7f772e3f8640 (LWP 3559301) "combine"):
#0  0x00007f774d70e73e in epoll_wait () from /lib64/libc.so.6
#1  0x00007f774c126112 in XrdSys::IOEvents::PollE::Begin(XrdSysSemaphore*, int&, char const**) () from /cvmfs/cms.cern.ch/el9_amd64_gcc12/cms/cmssw/CMSSW_14_1_0_pre4/external/el9_amd64_gcc12/lib/libXrdUtils.so.3
#2  0x00007f774c12207d in XrdSys::IOEvents::BootStrap::Start(void*) () from /cvmfs/cms.cern.ch/el9_amd64_gcc12/cms/cmssw/CMSSW_14_1_0_pre4/external/el9_amd64_gcc12/lib/libXrdUtils.so.3
#3  0x00007f774c12b487 in XrdSysThread_Xeq () from /cvmfs/cms.cern.ch/el9_amd64_gcc12/cms/cmssw/CMSSW_14_1_0_pre4/external/el9_amd64_gcc12/lib/libXrdUtils.so.3
#4  0x00007f774d68a19a in start_thread () from /lib64/libc.so.6
#5  0x00007f774d70f100 in clone3 () from /lib64/libc.so.6

Thread 8 (Thread 0x7f772ebf9640 (LWP 3559300) "combine"):
#0  0x00007f774d70e73e in epoll_wait () from /lib64/libc.so.6
#1  0x00007f774c126112 in XrdSys::IOEvents::PollE::Begin(XrdSysSemaphore*, int&, char const**) () from /cvmfs/cms.cern.ch/el9_amd64_gcc12/cms/cmssw/CMSSW_14_1_0_pre4/external/el9_amd64_gcc12/lib/libXrdUtils.so.3
#2  0x00007f774c12207d in XrdSys::IOEvents::BootStrap::Start(void*) () from /cvmfs/cms.cern.ch/el9_amd64_gcc12/cms/cmssw/CMSSW_14_1_0_pre4/external/el9_amd64_gcc12/lib/libXrdUtils.so.3
#3  0x00007f774c12b487 in XrdSysThread_Xeq () from /cvmfs/cms.cern.ch/el9_amd64_gcc12/cms/cmssw/CMSSW_14_1_0_pre4/external/el9_amd64_gcc12/lib/libXrdUtils.so.3
#4  0x00007f774d68a19a in start_thread () from /lib64/libc.so.6
#5  0x00007f774d70f100 in clone3 () from /lib64/libc.so.6

Thread 7 (Thread 0x7f772f3fa640 (LWP 3559299) "combine"):
#0  0x00007f774d70e73e in epoll_wait () from /lib64/libc.so.6
#1  0x00007f774c126112 in XrdSys::IOEvents::PollE::Begin(XrdSysSemaphore*, int&, char const**) () from /cvmfs/cms.cern.ch/el9_amd64_gcc12/cms/cmssw/CMSSW_14_1_0_pre4/external/el9_amd64_gcc12/lib/libXrdUtils.so.3
#2  0x00007f774c12207d in XrdSys::IOEvents::BootStrap::Start(void*) () from /cvmfs/cms.cern.ch/el9_amd64_gcc12/cms/cmssw/CMSSW_14_1_0_pre4/external/el9_amd64_gcc12/lib/libXrdUtils.so.3
#3  0x00007f774c12b487 in XrdSysThread_Xeq () from /cvmfs/cms.cern.ch/el9_amd64_gcc12/cms/cmssw/CMSSW_14_1_0_pre4/external/el9_amd64_gcc12/lib/libXrdUtils.so.3
#4  0x00007f774d68a19a in start_thread () from /lib64/libc.so.6
#5  0x00007f774d70f100 in clone3 () from /lib64/libc.so.6

Thread 6 (Thread 0x7f772fbfb640 (LWP 3559298) "combine"):
#0  0x00007f774d70e73e in epoll_wait () from /lib64/libc.so.6
#1  0x00007f774c126112 in XrdSys::IOEvents::PollE::Begin(XrdSysSemaphore*, int&, char const**) () from /cvmfs/cms.cern.ch/el9_amd64_gcc12/cms/cmssw/CMSSW_14_1_0_pre4/external/el9_amd64_gcc12/lib/libXrdUtils.so.3
#2  0x00007f774c12207d in XrdSys::IOEvents::BootStrap::Start(void*) () from /cvmfs/cms.cern.ch/el9_amd64_gcc12/cms/cmssw/CMSSW_14_1_0_pre4/external/el9_amd64_gcc12/lib/libXrdUtils.so.3
#3  0x00007f774c12b487 in XrdSysThread_Xeq () from /cvmfs/cms.cern.ch/el9_amd64_gcc12/cms/cmssw/CMSSW_14_1_0_pre4/external/el9_amd64_gcc12/lib/libXrdUtils.so.3
#4  0x00007f774d68a19a in start_thread () from /lib64/libc.so.6
#5  0x00007f774d70f100 in clone3 () from /lib64/libc.so.6

Thread 5 (Thread 0x7f77303fc640 (LWP 3559297) "combine"):
#0  0x00007f774d70e73e in epoll_wait () from /lib64/libc.so.6
#1  0x00007f774c126112 in XrdSys::IOEvents::PollE::Begin(XrdSysSemaphore*, int&, char const**) () from /cvmfs/cms.cern.ch/el9_amd64_gcc12/cms/cmssw/CMSSW_14_1_0_pre4/external/el9_amd64_gcc12/lib/libXrdUtils.so.3
#2  0x00007f774c12207d in XrdSys::IOEvents::BootStrap::Start(void*) () from /cvmfs/cms.cern.ch/el9_amd64_gcc12/cms/cmssw/CMSSW_14_1_0_pre4/external/el9_amd64_gcc12/lib/libXrdUtils.so.3
#3  0x00007f774c12b487 in XrdSysThread_Xeq () from /cvmfs/cms.cern.ch/el9_amd64_gcc12/cms/cmssw/CMSSW_14_1_0_pre4/external/el9_amd64_gcc12/lib/libXrdUtils.so.3
#4  0x00007f774d68a19a in start_thread () from /lib64/libc.so.6
#5  0x00007f774d70f100 in clone3 () from /lib64/libc.so.6

Thread 4 (Thread 0x7f7730bfd640 (LWP 3559296) "combine"):
#0  0x00007f774d70e73e in epoll_wait () from /lib64/libc.so.6
#1  0x00007f774c126112 in XrdSys::IOEvents::PollE::Begin(XrdSysSemaphore*, int&, char const**) () from /cvmfs/cms.cern.ch/el9_amd64_gcc12/cms/cmssw/CMSSW_14_1_0_pre4/external/el9_amd64_gcc12/lib/libXrdUtils.so.3
#2  0x00007f774c12207d in XrdSys::IOEvents::BootStrap::Start(void*) () from /cvmfs/cms.cern.ch/el9_amd64_gcc12/cms/cmssw/CMSSW_14_1_0_pre4/external/el9_amd64_gcc12/lib/libXrdUtils.so.3
#3  0x00007f774c12b487 in XrdSysThread_Xeq () from /cvmfs/cms.cern.ch/el9_amd64_gcc12/cms/cmssw/CMSSW_14_1_0_pre4/external/el9_amd64_gcc12/lib/libXrdUtils.so.3
#4  0x00007f774d68a19a in start_thread () from /lib64/libc.so.6
#5  0x00007f774d70f100 in clone3 () from /lib64/libc.so.6

Thread 3 (Thread 0x7f77313fe640 (LWP 3559295) "combine"):
#0  0x00007f774d70e73e in epoll_wait () from /lib64/libc.so.6
#1  0x00007f774c126112 in XrdSys::IOEvents::PollE::Begin(XrdSysSemaphore*, int&, char const**) () from /cvmfs/cms.cern.ch/el9_amd64_gcc12/cms/cmssw/CMSSW_14_1_0_pre4/external/el9_amd64_gcc12/lib/libXrdUtils.so.3
#2  0x00007f774c12207d in XrdSys::IOEvents::BootStrap::Start(void*) () from /cvmfs/cms.cern.ch/el9_amd64_gcc12/cms/cmssw/CMSSW_14_1_0_pre4/external/el9_amd64_gcc12/lib/libXrdUtils.so.3
#3  0x00007f774c12b487 in XrdSysThread_Xeq () from /cvmfs/cms.cern.ch/el9_amd64_gcc12/cms/cmssw/CMSSW_14_1_0_pre4/external/el9_amd64_gcc12/lib/libXrdUtils.so.3
#4  0x00007f774d68a19a in start_thread () from /lib64/libc.so.6
#5  0x00007f774d70f100 in clone3 () from /lib64/libc.so.6

Thread 2 (Thread 0x7f7731bff640 (LWP 3559294) "combine"):
#0  0x00007f774d70e73e in epoll_wait () from /lib64/libc.so.6
#1  0x00007f774c126112 in XrdSys::IOEvents::PollE::Begin(XrdSysSemaphore*, int&, char const**) () from /cvmfs/cms.cern.ch/el9_amd64_gcc12/cms/cmssw/CMSSW_14_1_0_pre4/external/el9_amd64_gcc12/lib/libXrdUtils.so.3
#2  0x00007f774c12207d in XrdSys::IOEvents::BootStrap::Start(void*) () from /cvmfs/cms.cern.ch/el9_amd64_gcc12/cms/cmssw/CMSSW_14_1_0_pre4/external/el9_amd64_gcc12/lib/libXrdUtils.so.3
#3  0x00007f774c12b487 in XrdSysThread_Xeq () from /cvmfs/cms.cern.ch/el9_amd64_gcc12/cms/cmssw/CMSSW_14_1_0_pre4/external/el9_amd64_gcc12/lib/libXrdUtils.so.3
#4  0x00007f774d68a19a in start_thread () from /lib64/libc.so.6
#5  0x00007f774d70f100 in clone3 () from /lib64/libc.so.6

Thread 1 (Thread 0x7f774f6d5c00 (LWP 3559258) "combine"):
#0  0x00007f774d6d8ebf in wait4 () from /lib64/libc.so.6
#1  0x00007f774d64b7e3 in do_system () from /lib64/libc.so.6
#2  0x00007f774f56743d in TUnixSystem::StackTrace() () from /cvmfs/cms.cern.ch/el9_amd64_gcc12/cms/cmssw/CMSSW_14_1_0_pre4/external/el9_amd64_gcc12/lib/libCore.so
#3  0x00007f774f566df4 in TUnixSystem::DispatchSignals(ESignals) () from /cvmfs/cms.cern.ch/el9_amd64_gcc12/cms/cmssw/CMSSW_14_1_0_pre4/external/el9_amd64_gcc12/lib/libCore.so
#4  <signal handler called>
#5  0x00007f7751d3a334 in toymcoptutils::SinglePdfGenInfo::SinglePdfGenInfo(RooAbsPdf&, RooArgSet const&, bool, RooDataSet const*, int, bool) () from /eos/home-s/sraj/Work_/CUA_20--/Analysis/hhbbgg_AwkwardAnalyzer/slides_fitting/CMSSW_14_1_0_pre4/lib/el9_amd64_gcc12/libHiggsAnalysisCombinedLimit.so
#6  0x00007f7751d3a6ee in toymcoptutils::SimPdfGenInfo::SimPdfGenInfo(RooAbsPdf&, RooArgSet const&, bool, RooDataSet const*, int, bool) () from /eos/home-s/sraj/Work_/CUA_20--/Analysis/hhbbgg_AwkwardAnalyzer/slides_fitting/CMSSW_14_1_0_pre4/lib/el9_amd64_gcc12/libHiggsAnalysisCombinedLimit.so
#7  0x00007f7751c43053 in Combine::run(TString, std::__cxx11::basic_string<char, std::char_traits<char>, std::allocator<char> > const&, double&, double&, int&, TTree*, int) () from /eos/home-s/sraj/Work_/CUA_20--/Analysis/hhbbgg_AwkwardAnalyzer/slides_fitting/CMSSW_14_1_0_pre4/lib/el9_amd64_gcc12/libHiggsAnalysisCombinedLimit.so
#8  0x000000000040cdf1 in main ()
===========================================================


The lines below might hint at the cause of the crash. If you see question
marks as part of the stack trace, try to recompile with debugging information
enabled and export CLING_DEBUG=1 environment variable before running.
You may get help by asking at the ROOT forum https://root.cern/forum
preferably using the command (.forum bug) in the ROOT prompt.
Only if you are really convinced it is a bug in ROOT then please submit a
report at https://root.cern/bugs or (preferably) using the command (.gh bug) in
the ROOT prompt. Please post the ENTIRE stack trace
from above as an attachment in addition to anything else
that might help us fixing this issue.
===========================================================
#5  0x00007f7751d3a334 in toymcoptutils::SinglePdfGenInfo::SinglePdfGenInfo(RooAbsPdf&, RooArgSet const&, bool, RooDataSet const*, int, bool) () from /eos/home-s/sraj/Work_/CUA_20--/Analysis/hhbbgg_AwkwardAnalyzer/slides_fitting/CMSSW_14_1_0_pre4/lib/el9_amd64_gcc12/libHiggsAnalysisCombinedLimit.so
#6  0x00007f7751d3a6ee in toymcoptutils::SimPdfGenInfo::SimPdfGenInfo(RooAbsPdf&, RooArgSet const&, bool, RooDataSet const*, int, bool) () from /eos/home-s/sraj/Work_/CUA_20--/Analysis/hhbbgg_AwkwardAnalyzer/slides_fitting/CMSSW_14_1_0_pre4/lib/el9_amd64_gcc12/libHiggsAnalysisCombinedLimit.so
#7  0x00007f7751c43053 in Combine::run(TString, std::__cxx11::basic_string<char, std::char_traits<char>, std::allocator<char> > const&, double&, double&, int&, TTree*, int) () from /eos/home-s/sraj/Work_/CUA_20--/Analysis/hhbbgg_AwkwardAnalyzer/slides_fitting/CMSSW_14_1_0_pre4/lib/el9_amd64_gcc12/libHiggsAnalysisCombinedLimit.so
#8  0x000000000040cdf1 in main ()
===========================================================


